I'm sorry, but errors were detected in your script. Please correct the
errors listed below, and try again.


File "game/script.rpy", line 185: expected end of line
    play music "audio/Music/adventurous.wav"s
                                            ^

Ren'Py Version: Ren'Py 8.3.4.24120703
Tue Feb 11 14:39:11 2025
